// Jest Snapshot v1, https://goo.gl/fbAQLP

exports[`Header renders component as expected 1`] = `
<div>
  <div
    class="makeStyles-root-1"
  >
    <header
      class="MuiPaper-root MuiAppBar-root MuiAppBar-positionFixed MuiAppBar-colorPrimary mui-fixed MuiPaper-elevation4"
    >
      <div
        class="MuiToolbar-root MuiToolbar-dense MuiToolbar-gutters"
      >
        <a
          href="/"
        >
          <img
            alt=""
            class="makeStyles-logo-2"
            data-testid="logo"
            src="/static/icons/icon-192x192.png"
          />
          <span
            aria-disabled="false"
            class="MuiButtonBase-root MuiButton-root MuiButton-text MuiButton-colorInherit"
            role="button"
            tabindex="0"
          >
            <span
              class="MuiButton-label"
            >
              House Dashboard
            </span>
            <span
              class="MuiTouchRipple-root"
            />
          </span>
        </a>
      </div>
    </header>
  </div>
</div>
`;
